Release 14.5 - xst P.58f (nt64)
Copyright (c) 1995-2012 Xilinx, Inc.  All rights reserved.
--> Parameter TMPDIR set to xst/projnav.tmp


Total REAL time to Xst completion: 0.00 secs
Total CPU time to Xst completion: 0.12 secs
 
--> Parameter xsthdpdir set to xst


Total REAL time to Xst completion: 0.00 secs
Total CPU time to Xst completion: 0.12 secs
 
--> Reading design: controlUnit.prj

TABLE OF CONTENTS
  1) Synthesis Options Summary
  2) HDL Parsing
  3) HDL Elaboration
  4) HDL Synthesis
       4.1) HDL Synthesis Report
  5) Advanced HDL Synthesis
       5.1) Advanced HDL Synthesis Report
  6) Low Level Synthesis
  7) Partition Report
  8) Design Summary
       8.1) Primitive and Black Box Usage
       8.2) Device utilization summary
       8.3) Partition Resource Summary
       8.4) Timing Report
            8.4.1) Clock Information
            8.4.2) Asynchronous Control Signals Information
            8.4.3) Timing Summary
            8.4.4) Timing Details
            8.4.5) Cross Clock Domains Report


=========================================================================
*                      Synthesis Options Summary                        *
=========================================================================
---- Source Parameters
Input File Name                    : "controlUnit.prj"
Ignore Synthesis Constraint File   : NO

---- Target Parameters
Output File Name                   : "controlUnit"
Output Format                      : NGC
Target Device                      : xc6slx45-3-csg324

---- Source Options
Top Module Name                    : controlUnit
Automatic FSM Extraction           : YES
FSM Encoding Algorithm             : Auto
Safe Implementation                : No
FSM Style                          : LUT
RAM Extraction                     : Yes
RAM Style                          : Auto
ROM Extraction                     : Yes
Shift Register Extraction          : YES
ROM Style                          : Auto
Resource Sharing                   : YES
Asynchronous To Synchronous        : NO
Shift Register Minimum Size        : 2
Use DSP Block                      : Auto
Automatic Register Balancing       : No

---- Target Options
LUT Combining                      : Auto
Reduce Control Sets                : Auto
Add IO Buffers                     : YES
Global Maximum Fanout              : 100000
Add Generic Clock Buffer(BUFG)     : 16
Register Duplication               : YES
Optimize Instantiated Primitives   : NO
Use Clock Enable                   : Auto
Use Synchronous Set                : Auto
Use Synchronous Reset              : Auto
Pack IO Registers into IOBs        : Auto
Equivalent register Removal        : YES

---- General Options
Optimization Goal                  : Speed
Optimization Effort                : 1
Power Reduction                    : NO
Keep Hierarchy                     : No
Netlist Hierarchy                  : As_Optimized
RTL Output                         : Yes
Global Optimization                : AllClockNets
Read Cores                         : YES
Write Timing Constraints           : NO
Cross Clock Analysis               : NO
Hierarchy Separator                : /
Bus Delimiter                      : <>
Case Specifier                     : Maintain
Slice Utilization Ratio            : 100
BRAM Utilization Ratio             : 100
DSP48 Utilization Ratio            : 100
Auto BRAM Packing                  : NO
Slice Utilization Ratio Delta      : 5

---- Other Options
Cores Search Directories           : {"ipcore_dir"  }

=========================================================================


=========================================================================
*                          HDL Parsing                                  *
=========================================================================
Analyzing Verilog file "E:\Circuit Systems and Design1\MyProcessor\Phase 14 - 27.6.2017\Processor to test\controlUnit.v" into library work
Parsing module <controlUnit>.

=========================================================================
*                            HDL Elaboration                            *
=========================================================================

Elaborating module <controlUnit>.

=========================================================================
*                           HDL Synthesis                               *
=========================================================================

Synthesizing Unit <controlUnit>.
    Related source file is "E:\Circuit Systems and Design1\MyProcessor\Phase 14 - 27.6.2017\Processor to test\controlUnit.v".
        fetch1 = 0
        fetch2 = 1
        fetch3 = 2
        fetch4 = 3
        ADD1 = 4
        SUB1 = 5
        NOP = 6
        LDAC1 = 7
        LDAC2 = 8
        LDAC3 = 9
        LDAC4 = 10
        LDAC5 = 11
        LDAC6 = 12
        LDAC7 = 13
        MVAC2R1 = 14
        MVR2AC1 = 15
        MVAC2TR1 = 16
        MVTR2DR1 = 17
        STAC1 = 18
        STAC2 = 19
        STAC3 = 20
        STAC4 = 21
        STAC5 = 22
        STAC6 = 23
        JUMP1 = 24
        JUMP2 = 25
        JUMP3 = 26
        JUMP4 = 27
        JUMPZ1 = 28
        JUMPZ2 = 29
        JUMPZ3 = 30
        JUMPZ4 = 31
        CLAC1 = 32
        LSHIFT1 = 33
        RSHIFT1 = 34
        ENDOPS = 35
    Found 19-bit register for signal <instruction>.
    Found 1-bit register for signal <RAMorALUOut2DRIn>.
    Summary:
	inferred  20 D-type flip-flop(s).
	inferred  18 Multiplexer(s).
Unit <controlUnit> synthesized.

=========================================================================
HDL Synthesis Report

Macro Statistics
# Registers                                            : 2
 1-bit register                                        : 1
 19-bit register                                       : 1
# Multiplexers                                         : 18
 19-bit 2-to-1 multiplexer                             : 17
 6-bit 2-to-1 multiplexer                              : 1

=========================================================================

=========================================================================
*                       Advanced HDL Synthesis                          *
=========================================================================

WARNING:Xst:2677 - Node <instruction_18> of sequential type is unconnected in block <controlUnit>.
WARNING:Xst:2677 - Node <instruction_18> of sequential type is unconnected in block <controlUnit>.

=========================================================================
Advanced HDL Synthesis Report

Macro Statistics
# Registers                                            : 19
 Flip-Flops                                            : 19
# Multiplexers                                         : 18
 19-bit 2-to-1 multiplexer                             : 17
 6-bit 2-to-1 multiplexer                              : 1

=========================================================================

=========================================================================
*                         Low Level Synthesis                           *
=========================================================================
WARNING:Xst:1293 - FF/Latch <instruction_6> has a constant value of 0 in block <controlUnit>. This FF/Latch will be trimmed during the optimization process.

Optimizing unit <controlUnit> ...

Mapping all equations...
Building and optimizing final netlist ...
Found area constraint ratio of 100 (+ 5) on block controlUnit, actual ratio is 0.

Final Macro Processing ...

=========================================================================
Final Register Report

Macro Statistics
# Registers                                            : 18
 Flip-Flops                                            : 18

=========================================================================

=========================================================================
*                           Partition Report                            *
=========================================================================

Partition Implementation Status
-------------------------------

  No Partitions were found in this design.

-------------------------------

=========================================================================
*                            Design Summary                             *
=========================================================================

Top Level Output File Name         : controlUnit.ngc

Primitive and Black Box Usage:
------------------------------
# BELS                             : 26
#      LUT2                        : 2
#      LUT3                        : 5
#      LUT6                        : 19
# FlipFlops/Latches                : 18
#      FDE                         : 1
#      FDE_1                       : 17
# Clock Buffers                    : 1
#      BUFGP                       : 1
# IO Buffers                       : 27
#      IBUF                        : 8
#      OBUF                        : 19

Device utilization summary:
---------------------------

Selected Device : 6slx45csg324-3 


Slice Logic Utilization: 
 Number of Slice Registers:              18  out of  54576     0%  
 Number of Slice LUTs:                   26  out of  27288     0%  
    Number used as Logic:                26  out of  27288     0%  

Slice Logic Distribution: 
 Number of LUT Flip Flop pairs used:     26
   Number with an unused Flip Flop:       8  out of     26    30%  
   Number with an unused LUT:             0  out of     26     0%  
   Number of fully used LUT-FF pairs:    18  out of     26    69%  
   Number of unique control sets:         2

IO Utilization: 
 Number of IOs:                          29
 Number of bonded IOBs:                  28  out of    218    12%  

Specific Feature Utilization:
 Number of BUFG/BUFGCTRL/BUFHCEs:         1  out of     16     6%  

---------------------------
Partition Resource Summary:
---------------------------

  No Partitions were found in this design.

---------------------------


=========================================================================
Timing Report

NOTE: THESE TIMING NUMBERS ARE ONLY A SYNTHESIS ESTIMATE.
      FOR ACCURATE TIMING INFORMATION PLEASE REFER TO THE TRACE REPORT
      GENERATED AFTER PLACE-and-ROUTE.

Clock Information:
------------------
-----------------------------------+------------------------+-------+
Clock Signal                       | Clock buffer(FF name)  | Load  |
-----------------------------------+------------------------+-------+
clk                                | BUFGP                  | 18    |
-----------------------------------+------------------------+-------+

Asynchronous Control Signals Information:
----------------------------------------
No asynchronous control signals found in this design

Timing Summary:
---------------
Speed Grade: -3

   Minimum period: 6.333ns (Maximum Frequency: 157.896MHz)
   Minimum input arrival time before clock: 5.110ns
   Maximum output required time after clock: 5.089ns
   Maximum combinational path delay: 5.898ns

Timing Details:
---------------
All values displayed in nanoseconds (ns)

=========================================================================
Timing constraint: Default period analysis for Clock 'clk'
  Clock period: 6.333ns (frequency: 157.896MHz)
  Total number of paths / destination ports: 317 / 35
-------------------------------------------------------------------------
Delay:               3.167ns (Levels of Logic = 2)
  Source:            instruction_0 (FF)
  Destination:       RAMorALUOut2DRIn (FF)
  Source Clock:      clk falling
  Destination Clock: clk rising

  Data Path: instruction_0 to RAMorALUOut2DRIn
                                Gate     Net
    Cell:in->out      fanout   Delay   Delay  Logical Name (Net Name)
    ----------------------------------------  ------------
     FDE_1:C->Q            7   0.447   0.774  instruction_0 (instruction_0)
     LUT3:I2->O           19   0.205   1.436  Mmux_opcode21 (opcode_1_OBUF)
     LUT6:I0->O            1   0.203   0.000  out1 (opcode[5]_INV_4_o)
     FDE:D                     0.102          RAMorALUOut2DRIn
    ----------------------------------------
    Total                      3.167ns (0.957ns logic, 2.210ns route)
                                       (30.2% logic, 69.8% route)

=========================================================================
Timing constraint: Default OFFSET IN BEFORE for Clock 'clk'
  Total number of paths / destination ports: 212 / 36
-------------------------------------------------------------------------
Offset:              5.110ns (Levels of Logic = 3)
  Source:            IR2ControlUnit<2> (PAD)
  Destination:       instruction_0 (FF)
  Destination Clock: clk falling

  Data Path: IR2ControlUnit<2> to instruction_0
                                Gate     Net
    Cell:in->out      fanout   Delay   Delay  Logical Name (Net Name)
    ----------------------------------------  ------------
     IBUF:I->O             1   1.222   0.808  IR2ControlUnit_2_IBUF (IR2ControlUnit_2_IBUF)
     LUT3:I0->O           20   0.205   1.321  Mmux_opcode31 (opcode_2_OBUF)
     LUT6:I3->O           17   0.205   1.027  _n0120_inv1 (_n0120_inv)
     FDE_1:CE                  0.322          instruction_0
    ----------------------------------------
    Total                      5.110ns (1.954ns logic, 3.156ns route)
                                       (38.2% logic, 61.8% route)

=========================================================================
Timing constraint: Default OFFSET OUT AFTER for Clock 'clk'
  Total number of paths / destination ports: 24 / 19
-------------------------------------------------------------------------
Offset:              5.089ns (Levels of Logic = 2)
  Source:            instruction_0 (FF)
  Destination:       opcode<5> (PAD)
  Source Clock:      clk falling

  Data Path: instruction_0 to opcode<5>
                                Gate     Net
    Cell:in->out      fanout   Delay   Delay  Logical Name (Net Name)
    ----------------------------------------  ------------
     FDE_1:C->Q            7   0.447   0.774  instruction_0 (instruction_0)
     LUT2:I1->O           20   0.205   1.092  Mmux_opcode61 (opcode_5_OBUF)
     OBUF:I->O                 2.571          opcode_5_OBUF (opcode<5>)
    ----------------------------------------
    Total                      5.089ns (3.223ns logic, 1.866ns route)
                                       (63.3% logic, 36.7% route)

=========================================================================
Timing constraint: Default path analysis
  Total number of paths / destination ports: 6 / 6
-------------------------------------------------------------------------
Delay:               5.898ns (Levels of Logic = 3)
  Source:            IR2ControlUnit<4> (PAD)
  Destination:       opcode<4> (PAD)

  Data Path: IR2ControlUnit<4> to opcode<4>
                                Gate     Net
    Cell:in->out      fanout   Delay   Delay  Logical Name (Net Name)
    ----------------------------------------  ------------
     IBUF:I->O             1   1.222   0.808  IR2ControlUnit_4_IBUF (IR2ControlUnit_4_IBUF)
     LUT3:I0->O           20   0.205   1.092  Mmux_opcode51 (opcode_4_OBUF)
     OBUF:I->O                 2.571          opcode_4_OBUF (opcode<4>)
    ----------------------------------------
    Total                      5.898ns (3.998ns logic, 1.900ns route)
                                       (67.8% logic, 32.2% route)

=========================================================================

Cross Clock Domains Report:
--------------------------

Clock to Setup on destination clock clk
---------------+---------+---------+---------+---------+
               | Src:Rise| Src:Fall| Src:Rise| Src:Fall|
Source Clock   |Dest:Rise|Dest:Rise|Dest:Fall|Dest:Fall|
---------------+---------+---------+---------+---------+
clk            |         |    3.167|    4.318|         |
---------------+---------+---------+---------+---------+

=========================================================================


Total REAL time to Xst completion: 6.00 secs
Total CPU time to Xst completion: 5.36 secs
 
--> 

Total memory usage is 276048 kilobytes

Number of errors   :    0 (   0 filtered)
Number of warnings :    3 (   0 filtered)
Number of infos    :    0 (   0 filtered)

